
> saas-mmadfitbooki-service@1.0.0 build
> vite build

[36mvite v6.3.6 [32mbuilding for production...[36m[39m
transforming...
[32mÔ£ô[39m 80 modules transformed.
rendering chunks...
computing gzip size...
[2mdist/[22m[32mindex.html                                [39m[1m[2m  1.95 kB[22m[1m[22m[2m Ôöé gzip:  0.79 kB[22m
[2mdist/[22m[36massets/Card-bMeO75d9.js                   [39m[1m[2m  0.25 kB[22m[1m[22m[2m Ôöé gzip:  0.22 kB[22m[2m Ôöé map:     0.61 kB[22m
[2mdist/[22m[36massets/CalendarDaysIcon-CoB2-NB2.js       [39m[1m[2m  0.54 kB[22m[1m[22m[2m Ôöé gzip:  0.39 kB[22m[2m Ôöé map:     0.96 kB[22m
[2mdist/[22m[36massets/CustomerDashboardView-N0B-JU10.js  [39m[1m[2m  2.52 kB[22m[1m[22m[2m Ôöé gzip:  1.15 kB[22m[2m Ôöé map:     5.52 kB[22m
[2mdist/[22m[36massets/StaffDashboardView-88v5onaY.js     [39m[1m[2m  3.91 kB[22m[1m[22m[2m Ôöé gzip:  1.76 kB[22m[2m Ôöé map:    11.02 kB[22m
[2mdist/[22m[36massets/UserGroupIcon-B7j1gBPN.js          [39m[1m[2m  5.55 kB[22m[1m[22m[2m Ôöé gzip:  2.07 kB[22m[2m Ôöé map:    13.92 kB[22m
[2mdist/[22m[36massets/ChatWidget-C-astCNe.js             [39m[1m[2m  5.55 kB[22m[1m[22m[2m Ôöé gzip:  2.42 kB[22m[2m Ôöé map:    13.63 kB[22m
[2mdist/[22m[36massets/LoginView-Co3Bi2mZ.js              [39m[1m[2m  6.30 kB[22m[1m[22m[2m Ôöé gzip:  1.81 kB[22m[2m Ôöé map:    13.84 kB[22m
[2mdist/[22m[36massets/bookingService-BWHIEAHo.js         [39m[1m[2m  8.98 kB[22m[1m[22m[2m Ôöé gzip:  3.61 kB[22m[2m Ôöé map:    26.18 kB[22m
[2mdist/[22m[36massets/settingsService-BsWrL4Wl.js        [39m[1m[2m 10.13 kB[22m[1m[22m[2m Ôöé gzip:  3.55 kB[22m[2m Ôöé map:    25.08 kB[22m
[2mdist/[22m[36massets/BookingView-BXWepmik.js            [39m[1m[2m 12.82 kB[22m[1m[22m[2m Ôöé gzip:  3.66 kB[22m[2m Ôöé map:    34.00 kB[22m
[2mdist/[22m[36massets/AdminView-whj0xRCo.js              [39m[1m[2m 26.02 kB[22m[1m[22m[2m Ôöé gzip:  7.18 kB[22m[2m Ôöé map:    82.60 kB[22m
[2mdist/[22m[36massets/index-lIqizEXQ.js                  [39m[1m[2m158.42 kB[22m[1m[22m[2m Ôöé gzip: 51.23 kB[22m[2m Ôöé map:   387.68 kB[22m
[2mdist/[22m[36massets/index-DRcgqFRx.js                  [39m[1m[2m249.26 kB[22m[1m[22m[2m Ôöé gzip: 42.77 kB[22m[2m Ôöé map: 1,163.46 kB[22m
[32mÔ£ô built in 56.16s[39m
